// Jest Snapshot v1, https://goo.gl/fbAQLP

exports[`Default Dropdown dropdown with items prop snapshop 1`] = `
<Dropdown
  navbar={false}
  show={true}
>
  <Bootstrap(DropdownToggle)
    variant="secondary"
  >
    Dropdown Label
    <e
      background={true}
      className="ink"
      duration={1000}
      opacity={0.25}
      radius={150}
      recenter={true}
    />
  </Bootstrap(DropdownToggle)>
  <DropdownMenu
    alignRight={false}
    flip={true}
  >
    <DropdownItem
      as={[Function]}
      disabled={false}
      eventKey="option1"
      key="option1"
    >
      option1
    </DropdownItem>
    <DropdownItem
      as={[Function]}
      disabled={false}
      eventKey="option2"
      key="option2"
    >
      option2
    </DropdownItem>
  </DropdownMenu>
</Dropdown>
`;
