// Jest Snapshot v1, https://goo.gl/fbAQLP

exports[`Default Dropdown dropdown with items prop snapshop 1`] = `
<div
  className="show dropdown"
>
  <button
    aria-expanded={true}
    className="dropdown-toggle btn btn-secondary"
    disabled={false}
    id="dropdown-toggle"
    onClick={[Function]}
    type="button"
  >
    Dropdown Label
    <canvas
      className="ink"
      height={0}
      onDragOver={[Function]}
      onMouseDown={[Function]}
      onMouseLeave={[Function]}
      onMouseUp={[Function]}
      style={
        {
          "borderRadius": "inherit",
          "height": "100%",
          "left": 0,
          "position": "absolute",
          "top": 0,
          "width": "100%",
        }
      }
      width={0}
    />
  </button>
  <div
    className="dropdown-menu show"
    style={{}}
    x-placement="bottom-start"
  >
    <a
      aria-selected={false}
      className="dropdown-item"
      data-rr-ui-dropdown-item=""
      href="#"
      onClick={[Function]}
      onKeyDown={[Function]}
      role="button"
      tabIndex={0}
    >
      option1
    </a>
    <a
      aria-selected={false}
      className="dropdown-item"
      data-rr-ui-dropdown-item=""
      href="#"
      onClick={[Function]}
      onKeyDown={[Function]}
      role="button"
      tabIndex={0}
    >
      option2
    </a>
  </div>
</div>
`;
