// Jest Snapshot v1, https://goo.gl/fbAQLP

exports[`Default Dropdown dropdown with items prop snapshop 1`] = `
<Dropdown
  align="start"
  autoClose={true}
  navbar={false}
  show={true}
>
  <DropdownToggle
    disabled={false}
    variant="secondary"
  >
    Dropdown Label
    <t
      background={true}
      className="ink"
      duration={1000}
      opacity={0.25}
      recenter={true}
    />
  </DropdownToggle>
  <DropdownMenu
    flip={true}
  >
    <DropdownItem
      eventKey="option1"
      key="option1"
    >
      option1
    </DropdownItem>
    <DropdownItem
      eventKey="option2"
      key="option2"
    >
      option2
    </DropdownItem>
  </DropdownMenu>
</Dropdown>
`;
