// Jest Snapshot v1, https://goo.gl/fbAQLP

exports[`Default Tooltip popover snapshop 1`] = `
<OverlayTrigger
  defaultShow={false}
  overlay={
    <ForwardRef
      className="tooltip-dark"
      placement="right"
    >
      Some additional info
    </ForwardRef>
  }
  placement="auto"
  trigger="hover"
>
  <Badge
    appearance="secondary"
    block={false}
    role="strong"
    varroleiant="default"
    width="auto"
  >
    Over over me!
  </Badge>
</OverlayTrigger>
`;
