// Jest Snapshot v1, https://goo.gl/fbAQLP

exports[`renders Horizontal Tabs 1`] = `
<div
  className="tabs-horizontal tabs-align-start"
>
  <div
    className="nav-tabs nav"
    onKeyDown={[Function]}
    role="tablist"
  >
    <div
      className="nav-item"
    >
      <a
        aria-controls={null}
        aria-selected={true}
        className="nav-link active"
        data-rb-event-key="tab1"
        href="#"
        id={null}
        onClick={[Function]}
        onKeyDown={[Function]}
        role="tab"
      >
        <div
          className="nav-link_content"
        >
          tab1 title
        </div>
      </a>
    </div>
    <div
      className="nav-item"
    >
      <a
        aria-controls={null}
        aria-selected={false}
        className="nav-link"
        data-rb-event-key="tab2"
        href="#"
        id={null}
        onClick={[Function]}
        onKeyDown={[Function]}
        role="tab"
        tabIndex={-1}
      >
        <div
          className="nav-link_content"
        >
          tab2 title
        </div>
      </a>
    </div>
    <div
      className="nav-item"
    >
      <a
        aria-controls={null}
        aria-selected={false}
        className="nav-link"
        data-rb-event-key="tab3"
        href="#"
        id={null}
        onClick={[Function]}
        onKeyDown={[Function]}
        role="tab"
        tabIndex={-1}
      >
        <div
          className="nav-link_content"
        >
          tab3 title
        </div>
      </a>
    </div>
  </div>
  <div
    className="tab-content"
  >
    <div
      aria-hidden={false}
      aria-labelledby={null}
      className="fade tab-pane active show"
      id={null}
      role="tabpanel"
      title="tab1 title"
    >
      tab1 content
    </div>
    <div
      aria-hidden={true}
      aria-labelledby={null}
      className="fade tab-pane"
      id={null}
      role="tabpanel"
      title="tab2 title"
    >
      tab2 content
    </div>
    <div
      aria-hidden={true}
      aria-labelledby={null}
      className="fade tab-pane"
      id={null}
      role="tabpanel"
      title="tab3 title"
    >
      tab3 content
    </div>
  </div>
</div>
`;

exports[`renders Vertical Tabs 1`] = `
<div
  className="tabs-horizontal tabs-align-start"
>
  <div
    className="nav-tabs nav"
    onKeyDown={[Function]}
    role="tablist"
  >
    <div
      className="nav-item"
    >
      <a
        aria-controls={null}
        aria-selected={true}
        className="nav-link active"
        data-rb-event-key="tab1"
        href="#"
        id={null}
        onClick={[Function]}
        onKeyDown={[Function]}
        role="tab"
      >
        <div
          className="nav-link_content"
        >
          tab1 title
        </div>
      </a>
    </div>
    <div
      className="nav-item"
    >
      <a
        aria-controls={null}
        aria-selected={false}
        className="nav-link"
        data-rb-event-key="tab2"
        href="#"
        id={null}
        onClick={[Function]}
        onKeyDown={[Function]}
        role="tab"
        tabIndex={-1}
      >
        <div
          className="nav-link_content"
        >
          tab2 title
        </div>
      </a>
    </div>
    <div
      className="nav-item"
    >
      <a
        aria-controls={null}
        aria-selected={false}
        className="nav-link"
        data-rb-event-key="tab3"
        href="#"
        id={null}
        onClick={[Function]}
        onKeyDown={[Function]}
        role="tab"
        tabIndex={-1}
      >
        <div
          className="nav-link_content"
        >
          tab3 title
        </div>
      </a>
    </div>
  </div>
  <div
    className="tab-content"
  >
    <div
      aria-hidden={false}
      aria-labelledby={null}
      className="fade tab-pane active show"
      id={null}
      role="tabpanel"
      title="tab1 title"
    >
      tab1 content
    </div>
    <div
      aria-hidden={true}
      aria-labelledby={null}
      className="fade tab-pane"
      id={null}
      role="tabpanel"
      title="tab2 title"
    >
      tab2 content
    </div>
    <div
      aria-hidden={true}
      aria-labelledby={null}
      className="fade tab-pane"
      id={null}
      role="tabpanel"
      title="tab3 title"
    >
      tab3 content
    </div>
  </div>
</div>
`;
