// Jest Snapshot v1, https://goo.gl/fbAQLP

exports[`Default Toast popover snapshop 1`] = `
<div
  aria-atomic="true"
  aria-live="assertive"
  className="fade toast toast-secondary show"
  role="alert"
>
  <div
    className="toast-header"
  >
    <strong
      className="me-auto"
    >
      Bootstrap
    </strong>
    <small>
      11 mins ago
    </small>
    <button
      aria-label="Close"
      className="btn-close"
      data-dismiss="toast"
      onClick={[Function]}
      type="button"
    />
  </div>
  <div
    className="toast-body"
  >
    Hello, world! This is a toast message.
  </div>
</div>
`;
