// Jest Snapshot v1, https://goo.gl/fbAQLP

exports[`Default Popover popover snapshop 1`] = `
<div
  className="popover-container"
>
  <OverlayTrigger
    defaultShow={false}
    overlay={
      <ForwardRef
        placement="right"
        style={null}
      >
        <ForwardRef>
          title
        </ForwardRef>
        <ForwardRef>
          content
        </ForwardRef>
      </ForwardRef>
    }
    placement="auto"
    trigger="hover"
  >
    <span>
      trigger
    </span>
  </OverlayTrigger>
</div>
`;
