// Jest Snapshot v1, https://goo.gl/fbAQLP

exports[`Default Segment popover snapshop 1`] = `
<div
  className="segment"
>
  <ForwardRef
    defaultActiveKey="profile"
    id="uncontrolled-tab-example"
  >
    <Tab
      eventKey="first"
      key="0"
      title={
        <Button
          color="accent"
          disabled={false}
          type="button"
          variant="secondary"
          width="auto"
        >
          First
        </Button>
      }
    >
      <div
        className="segment-content"
      >
        My heavy fox, you inspire me to write. How I love the way you skip, sleep and sneer, Invading my mind day and through the night, Always dreaming about the cunning smear.
      </div>
    </Tab>
    <Tab
      eventKey="second"
      key="1"
      title={
        <Button
          color="accent"
          disabled={false}
          type="button"
          variant="secondary"
          width="auto"
        >
          Second
        </Button>
      }
    >
      <div
        className="segment-content"
      >
        Let me compare you to an ideal spoon? You are more deadpan, stunning and scaly. Fun sun heats the surreal peaches of June, And summertime has the vernal qualey.
      </div>
    </Tab>
    <Tab
      disabled={true}
      eventKey="third"
      key="2"
      title={
        <Button
          color="accent"
          disabled={true}
          type="button"
          variant="secondary"
          width="auto"
        >
          Third
        </Button>
      }
    >
      <div
        className="segment-content"
      >
        Let me compare you to an ideal spoon? You are more deadpan, stunning and scaly. Fun sun heats the surreal peaches of June, And summertime has the vernal qualey.
      </div>
    </Tab>
    <Tab
      eventKey="fourth"
      key="3"
      title={
        <Button
          color="accent"
          disabled={false}
          type="button"
          variant="secondary"
          width="auto"
        >
          Fourth
        </Button>
      }
    >
      <div
        className="segment-content"
      >
        How do I love you? Let me count the ways. I love your clad ankle, elbows and smile. Thinking of your glad elbows fills my days. My love for you is the bally air mile.
      </div>
    </Tab>
  </ForwardRef>
</div>
`;
